[2026-02-18 14:03:58] [INFO] Logger test successful
[2026-02-18 14:10:32] [INFO] Connecting to 38.127.138.66:502
[2026-02-18 14:10:33] [INFO] Connection established
[2026-02-18 14:10:33] [INFO] Connection closed
[2026-02-18 14:16:49] [INFO] Connecting to 38.127.138.66:502
[2026-02-18 14:16:49] [INFO] Connection established
[2026-02-18 14:16:49] [INFO] Reading holding registers: start=0, count=10
[2026-02-18 14:16:49] [ERROR] Collection error: ModbusClientMixin.read_holding_registers() got an unexpected keyword argument 'unit'
[2026-02-18 14:16:49] [INFO] Connection closed
[2026-02-18 14:20:03] [INFO] Connecting to 38.127.138.66:502
[2026-02-18 14:20:03] [INFO] Connection established
[2026-02-18 14:20:03] [INFO] Reading holding registers: start=0, count=10
[2026-02-18 14:20:03] [ERROR] Collection error: ModbusClientMixin.read_holding_registers() got an unexpected keyword argument 'slave'
[2026-02-18 14:20:03] [INFO] Connection closed
[2026-02-18 14:22:27] [INFO] Connecting to 38.127.138.66:502
[2026-02-18 14:22:27] [INFO] Connection established
[2026-02-18 14:22:27] [INFO] Reading holding registers: start=0, count=10
[2026-02-18 14:22:27] [ERROR] Collection error: ModbusClientMixin.read_holding_registers() got an unexpected keyword argument 'unit'
[2026-02-18 14:22:27] [INFO] Connection closed
[2026-02-18 14:25:38] [INFO] Connecting to 38.127.138.66:502
[2026-02-18 14:25:38] [INFO] Connection established
[2026-02-18 14:25:38] [INFO] Reading holding registers: start=0, count=10
[2026-02-18 14:25:38] [ERROR] Collection error: ModbusClientMixin.read_holding_registers() got an unexpected keyword argument 'slave'
[2026-02-18 14:25:38] [INFO] Connection closed
[2026-02-18 14:30:24] [INFO] Connecting to 38.127.138.66:502
[2026-02-18 14:30:24] [INFO] Connection established
[2026-02-18 14:30:24] [INFO] Reading holding registers: start=0, count=10
[2026-02-18 14:30:24] [ERROR] Collection error: ModbusClientMixin.read_holding_registers() takes 2 positional arguments but 4 were given
[2026-02-18 14:30:24] [INFO] Connection closed
[2026-02-18 14:36:32] [INFO] Connecting to 38.127.138.66:502
[2026-02-18 14:36:33] [INFO] Connection established
[2026-02-18 14:36:33] [INFO] Reading holding registers: start=0, count=10
[2026-02-18 14:36:33] [ERROR] Collection error: ModbusClientMixin.read_holding_registers() got an unexpected keyword argument 'slave'
[2026-02-18 14:36:33] [INFO] Connection closed
[2026-02-18 14:39:21] [INFO] Connecting to 38.127.138.66:502
[2026-02-18 14:39:21] [INFO] Connection established
[2026-02-18 14:39:21] [INFO] Reading holding registers: start=0, count=10
[2026-02-18 14:39:21] [ERROR] Collection error: ModbusClientMixin.read_holding_registers() takes 2 positional arguments but 3 were given
[2026-02-18 14:39:21] [INFO] Connection closed
[2026-02-18 14:42:36] [INFO] Connecting to 38.127.138.66:502
[2026-02-18 14:42:36] [INFO] Connection established
[2026-02-18 14:42:36] [INFO] Reading holding registers: start=0, count=10
[2026-02-18 14:42:36] [INFO] Collected 10 registers
[2026-02-18 14:42:36] [INFO] Connection closed
[2026-02-18 14:48:32] [INFO] Connecting to 38.127.138.66:502
[2026-02-18 14:48:32] [INFO] Connection established
[2026-02-18 14:48:32] [INFO] Reading holding registers: start=0, count=20
[2026-02-18 14:48:32] [INFO] Collected 20 registers
[2026-02-18 14:48:32] [INFO] Device profile generated
[2026-02-18 14:48:32] [INFO] Connection closed
[2026-02-18 14:52:06] [INFO] Connecting to 38.127.138.66:502
[2026-02-18 14:52:06] [INFO] Connection established
[2026-02-18 14:52:06] [INFO] Reading holding registers: start=0, count=50
[2026-02-18 14:52:07] [INFO] Collected 50 registers
[2026-02-18 14:52:07] [INFO] Connection closed
[2026-02-18 14:55:12] [INFO] Connecting to 38.127.138.66:502
[2026-02-18 14:55:12] [INFO] Connection established
[2026-02-18 14:55:12] [INFO] Reading holding registers: start=0, count=20
[2026-02-18 14:55:12] [INFO] Collected 20 registers
[2026-02-18 14:55:12] [INFO] Behavior baseline established
[2026-02-18 14:55:13] [INFO] Reading holding registers: start=0, count=20
[2026-02-18 14:55:14] [INFO] Collected 20 registers
[2026-02-18 14:55:14] [INFO] Behavior analyzed: change_rate=0.000
[2026-02-18 14:55:15] [INFO] Reading holding registers: start=0, count=20
[2026-02-18 14:55:15] [INFO] Collected 20 registers
[2026-02-18 14:55:15] [INFO] Behavior analyzed: change_rate=0.000
[2026-02-18 14:55:16] [INFO] Connection closed
[2026-02-18 14:59:59] [INFO] Connecting to 38.127.138.66:502
[2026-02-18 14:59:59] [INFO] Connection established
[2026-02-18 14:59:59] [INFO] Reading holding registers: start=0, count=20
[2026-02-18 15:00:00] [INFO] Collected 20 registers
[2026-02-18 15:00:00] [INFO] Behavior baseline established
[2026-02-18 15:00:01] [INFO] Reading holding registers: start=0, count=20
[2026-02-18 15:00:01] [INFO] Collected 20 registers
[2026-02-18 15:00:01] [INFO] Behavior analyzed: change_rate=0.000
[2026-02-18 15:00:02] [INFO] Reading holding registers: start=0, count=20
[2026-02-18 15:00:03] [INFO] Collected 20 registers
[2026-02-18 15:00:03] [INFO] Behavior analyzed: change_rate=0.000
[2026-02-18 15:00:04] [INFO] Connection closed
[2026-02-18 15:01:36] [INFO] Connecting to 38.127.138.66:502
[2026-02-18 15:01:36] [INFO] Connection established
[2026-02-18 15:01:36] [INFO] Reading holding registers: start=0, count=50
[2026-02-18 15:01:37] [INFO] Collected 50 registers
[2026-02-18 15:01:37] [INFO] Behavior baseline established
[2026-02-18 15:01:37] [INFO] Device classified as: Possible Simulator or Fixed Dataset
[2026-02-18 15:01:38] [INFO] Reading holding registers: start=0, count=50
[2026-02-18 15:01:38] [INFO] Collected 50 registers
[2026-02-18 15:01:38] [INFO] Behavior analyzed: change_rate=0.000
[2026-02-18 15:01:38] [INFO] Device classified as: Possible Simulator or Fixed Dataset
[2026-02-18 15:01:39] [INFO] Reading holding registers: start=0, count=50
[2026-02-18 15:01:39] [INFO] Collected 50 registers
[2026-02-18 15:01:39] [INFO] Behavior analyzed: change_rate=0.000
[2026-02-18 15:01:39] [INFO] Device classified as: Possible Simulator or Fixed Dataset
[2026-02-18 15:01:40] [INFO] Connection closed
[2026-02-18 15:05:38] [INFO] Connecting to 38.127.138.66:502
[2026-02-18 15:05:39] [INFO] Connection established
[2026-02-18 15:05:39] [INFO] Reading holding registers: start=0, count=50
[2026-02-18 15:05:39] [INFO] Collected 50 registers
[2026-02-18 15:05:39] [INFO] Behavior baseline established
[2026-02-18 15:05:39] [INFO] Device classified as: Possible Simulator or Fixed Dataset (Confidence: Medium)
[2026-02-18 15:05:40] [INFO] Reading holding registers: start=0, count=50
[2026-02-18 15:05:41] [INFO] Collected 50 registers
[2026-02-18 15:05:41] [INFO] Behavior analyzed: change_rate=0.000
[2026-02-18 15:05:41] [INFO] Device classified as: Possible Simulator or Fixed Dataset (Confidence: Medium)
[2026-02-18 15:05:42] [INFO] Reading holding registers: start=0, count=50
[2026-02-18 15:05:42] [INFO] Collected 50 registers
[2026-02-18 15:05:42] [INFO] Behavior analyzed: change_rate=0.000
[2026-02-18 15:05:42] [INFO] Device classified as: Possible Simulator or Fixed Dataset (Confidence: Medium)
[2026-02-18 15:05:43] [INFO] Connection closed
[2026-02-18 15:10:56] [INFO] Connecting to 38.127.138.66:502
[2026-02-18 15:10:56] [INFO] Connection established
[2026-02-18 15:10:56] [INFO] Reading holding registers: start=0, count=50
[2026-02-18 15:10:57] [INFO] Collected 50 registers
[2026-02-18 15:10:57] [INFO] Behavior baseline established
[2026-02-18 15:10:57] [INFO] Device classified as: Possible Simulator or Fixed Dataset (Confidence: Medium)
[2026-02-18 15:10:58] [INFO] Reading holding registers: start=0, count=50
[2026-02-18 15:10:58] [INFO] Collected 50 registers
[2026-02-18 15:10:58] [INFO] Behavior analyzed: change_rate=0.000
[2026-02-18 15:10:58] [INFO] Device classified as: Possible Simulator or Fixed Dataset (Confidence: Medium)
[2026-02-18 15:10:59] [INFO] Reading holding registers: start=0, count=50
[2026-02-18 15:11:00] [INFO] Collected 50 registers
[2026-02-18 15:11:00] [INFO] Behavior analyzed: change_rate=0.000
[2026-02-18 15:11:00] [INFO] Device classified as: Possible Simulator or Fixed Dataset (Confidence: Medium)
[2026-02-18 15:11:01] [INFO] Connection closed
[2026-02-18 15:44:38] [INFO] Connecting to 38.127.138.66:502
[2026-02-18 15:44:38] [INFO] Connection established
[2026-02-18 15:44:38] [INFO] Reading holding registers: start=0, count=50
[2026-02-18 15:44:38] [INFO] Collected 50 registers
[2026-02-18 15:44:39] [INFO] Reading holding registers: start=0, count=50
[2026-02-18 15:44:40] [INFO] Collected 50 registers
[2026-02-18 15:44:41] [INFO] Reading holding registers: start=0, count=50
[2026-02-18 15:44:42] [INFO] Collected 50 registers
[2026-02-18 15:44:43] [INFO] Reading holding registers: start=0, count=50
[2026-02-18 15:44:43] [INFO] Collected 50 registers
[2026-02-18 15:44:44] [INFO] Reading holding registers: start=0, count=50
[2026-02-18 15:44:45] [INFO] Collected 50 registers
[2026-02-18 15:47:16] [INFO] Connecting to 38.127.138.66:502
[2026-02-18 15:47:16] [INFO] Connection established
[2026-02-18 15:47:16] [INFO] Reading holding registers: start=0, count=50
[2026-02-18 15:47:17] [INFO] Collected 50 registers
[2026-02-18 15:47:18] [INFO] Reading holding registers: start=0, count=50
[2026-02-18 15:47:19] [INFO] Collected 50 registers
[2026-02-18 15:47:20] [INFO] Reading holding registers: start=0, count=50
[2026-02-18 15:47:20] [INFO] Collected 50 registers
[2026-02-18 15:47:21] [INFO] Reading holding registers: start=0, count=50
[2026-02-18 15:47:22] [INFO] Collected 50 registers
[2026-02-18 15:47:23] [INFO] Reading holding registers: start=0, count=50
[2026-02-18 15:47:23] [INFO] Collected 50 registers
[2026-02-18 15:50:36] [INFO] Connecting to 38.127.138.66:502
[2026-02-18 15:50:36] [INFO] Connection established
[2026-02-18 15:50:36] [INFO] Reading holding registers: start=0, count=50
[2026-02-18 15:50:37] [INFO] Collected 50 registers
[2026-02-18 15:50:38] [INFO] Reading holding registers: start=0, count=50
[2026-02-18 15:50:38] [INFO] Collected 50 registers
[2026-02-18 15:50:39] [INFO] Reading holding registers: start=0, count=50
[2026-02-18 15:50:40] [INFO] Collected 50 registers
[2026-02-18 15:50:41] [INFO] Reading holding registers: start=0, count=50
[2026-02-18 15:50:41] [INFO] Collected 50 registers
[2026-02-18 15:50:42] [INFO] Reading holding registers: start=0, count=50
[2026-02-18 15:50:43] [INFO] Collected 50 registers
[2026-02-18 15:50:43] [INFO] Device classified as: Possible Simulator or Fixed Dataset (Confidence: Medium)
[2026-02-18 15:50:44] [INFO] Connection closed
[2026-02-18 15:53:39] [INFO] Connecting to 38.127.138.66:502
[2026-02-18 15:53:39] [INFO] Connection established
[2026-02-18 15:53:39] [INFO] Reading holding registers: start=0, count=50
[2026-02-18 15:53:39] [INFO] Collected 50 registers
[2026-02-18 15:53:40] [INFO] Reading holding registers: start=0, count=50
[2026-02-18 15:53:41] [INFO] Collected 50 registers
[2026-02-18 15:53:42] [INFO] Reading holding registers: start=0, count=50
[2026-02-18 15:53:42] [INFO] Collected 50 registers
[2026-02-18 15:53:43] [INFO] Reading holding registers: start=0, count=50
[2026-02-18 15:53:44] [INFO] Collected 50 registers
[2026-02-18 15:53:45] [INFO] Reading holding registers: start=0, count=50
[2026-02-18 15:53:45] [INFO] Collected 50 registers
[2026-02-18 15:57:09] [INFO] Connecting to 38.127.138.66:502
[2026-02-18 15:57:09] [INFO] Connection established
[2026-02-18 15:57:09] [INFO] Reading holding registers: start=0, count=50
[2026-02-18 15:57:10] [INFO] Collected 50 registers
[2026-02-18 15:57:11] [INFO] Reading holding registers: start=0, count=50
[2026-02-18 15:57:11] [INFO] Collected 50 registers
[2026-02-18 15:57:12] [INFO] Reading holding registers: start=0, count=50
[2026-02-18 15:57:13] [INFO] Collected 50 registers
[2026-02-18 15:57:14] [INFO] Reading holding registers: start=0, count=50
[2026-02-18 15:57:14] [INFO] Collected 50 registers
[2026-02-18 15:57:15] [INFO] Reading holding registers: start=0, count=50
[2026-02-18 15:57:16] [INFO] Collected 50 registers
[2026-02-18 15:57:53] [INFO] Connecting to 38.127.138.66:502
[2026-02-18 15:57:53] [INFO] Connection established
[2026-02-18 15:57:53] [INFO] Reading holding registers: start=0, count=50
[2026-02-18 15:57:53] [INFO] Collected 50 registers
[2026-02-18 15:57:54] [INFO] Reading holding registers: start=0, count=50
[2026-02-18 15:57:55] [INFO] Collected 50 registers
[2026-02-18 15:57:56] [INFO] Reading holding registers: start=0, count=50
[2026-02-18 15:57:56] [INFO] Collected 50 registers
[2026-02-18 15:57:57] [INFO] Reading holding registers: start=0, count=50
[2026-02-18 15:57:58] [INFO] Collected 50 registers
[2026-02-18 15:57:59] [INFO] Reading holding registers: start=0, count=50
[2026-02-18 15:57:59] [INFO] Collected 50 registers
[2026-02-18 16:01:04] [INFO] Connecting to 38.127.138.66:502
[2026-02-18 16:01:04] [INFO] Connection established
[2026-02-18 16:09:51] [INFO] Connecting to 38.127.138.66:502
[2026-02-18 16:09:52] [INFO] Connection established
[2026-02-18 16:09:52] [INFO] Reading holding registers: start=0, count=50
[2026-02-18 16:09:52] [INFO] Collected 50 registers
[2026-02-18 16:09:53] [INFO] Reading holding registers: start=0, count=50
[2026-02-18 16:09:54] [INFO] Collected 50 registers
[2026-02-18 16:09:55] [INFO] Reading holding registers: start=0, count=50
[2026-02-18 16:09:55] [INFO] Collected 50 registers
[2026-02-18 16:09:56] [INFO] Reading holding registers: start=0, count=50
[2026-02-18 16:09:57] [INFO] Collected 50 registers
[2026-02-18 16:09:58] [INFO] Reading holding registers: start=0, count=50
[2026-02-18 16:09:58] [INFO] Collected 50 registers
[2026-02-18 16:09:58] [INFO] Device classified as: Possible Simulator or Fixed Dataset (Confidence: Medium)
[2026-02-18 16:09:59] [INFO] Connection closed
[2026-02-18 16:35:08] [INFO] Exposure assessed: High (public datacenter)
[2026-02-18 16:35:11] [INFO] Exposure assessed: High (public datacenter)
[2026-02-18 16:35:21] [INFO] Exposure assessed: Low (private network)
[2026-02-18 18:16:17] [INFO] Exposure assessed: High (public datacenter)
[2026-02-18 18:16:17] [INFO] Connecting to 149.12.67.238:502
[2026-02-18 18:16:18] [INFO] Connection established
[2026-02-18 18:16:18] [INFO] Reading holding registers: start=0, count=50
[2026-02-18 18:16:18] [INFO] Collected 50 registers
[2026-02-18 18:16:19] [INFO] Reading holding registers: start=0, count=50
[2026-02-18 18:16:20] [INFO] Collected 50 registers
[2026-02-18 18:16:21] [INFO] Reading holding registers: start=0, count=50
[2026-02-18 18:16:21] [INFO] Collected 50 registers
[2026-02-18 18:16:22] [INFO] Reading holding registers: start=0, count=50
[2026-02-18 18:16:23] [INFO] Collected 50 registers
[2026-02-18 18:16:24] [INFO] Reading holding registers: start=0, count=50
[2026-02-18 18:16:24] [INFO] Collected 50 registers
[2026-02-18 18:16:24] [INFO] Device classified as: Possible Simulator or Fixed Dataset (Confidence: Medium)
[2026-02-18 18:16:25] [INFO] Connection closed
